============================================================
  Generated by:           Genus(TM) Synthesis Solution 21.14-s082_1
  Generated on:           Sep 30 2026  11:45:27 am
  Module:                 dff_reset_top
  Operating conditions:   slow (balanced_tree)
  Wireload mode:          enclosed
  Area mode:              timing library
============================================================

                              
   Gate    Instances   Area    Library  
----------------------------------------
DFFHQX1            1   53.222    tsmc18 
INVXL              1    6.653    tsmc18 
MXI2X1             1   23.285    tsmc18 
NOR2X1             1    9.979    tsmc18 
SDFFRHQX1          1   83.160    tsmc18 
----------------------------------------
total              5  176.299           


                                        
     Type      Instances   Area  Area % 
----------------------------------------
sequential             2 136.382   77.4 
inverter               1   6.653    3.8 
logic                  2  33.264   18.9 
physical_cells         0   0.000    0.0 
----------------------------------------
total                  5 176.299  100.0 

