============================================================
  Generated by:           Genus(TM) Synthesis Solution 21.14-s082_1
  Generated on:           Sep 30 2026  11:45:27 am
  Module:                 dff_reset_top
  Operating conditions:   slow (balanced_tree)
  Wireload mode:          enclosed
  Area mode:              timing library
============================================================


Path 1: MET (7219 ps) Setup Check with Pin ASYNC_DFF/q_reg/CK->SE
          Group: clk
     Startpoint: (R) en
          Clock: (R) clk
       Endpoint: (R) ASYNC_DFF/q_reg/SE
          Clock: (R) clk

                     Capture       Launch     
        Clock Edge:+   10000            0     
        Drv Adjust:+       0            0     
       Src Latency:+       0            0     
       Net Latency:+       0 (I)        0 (I) 
           Arrival:=   10000            0     
                                              
             Setup:-     781                  
       Uncertainty:-    1000                  
     Required Time:=    8219                  
      Launch Clock:-       0                  
       Input Delay:-    1000                  
         Data Path:-       0                  
             Slack:=    7219                  

Exceptions/Constraints:
  input_delay             1000            constraints_top.sdc_line_7 

#-------------------------------------------------------------------------------------------
#   Timing Point     Flags   Arc   Edge   Cell     Fanout Load Trans Delay Arrival Instance 
#                                                         (fF)  (ps)  (ps)   (ps)  Location 
#-------------------------------------------------------------------------------------------
  en                 -       -     R     (arrival)      2 11.0     0     0    1000    (-,-) 
  ASYNC_DFF/q_reg/SE <<<     -     R     SDFFRHQX1      2    -     -     0    1000    (-,-) 
#-------------------------------------------------------------------------------------------

